[]*testutil.Metric{
	{
		Measurement: "hybrid_hractivity_sample",
		Tags: map[string]string{
			"device_id": "1",
			"user_id":   "1",
		},
		Fields: map[string]interface{}{
			"active":            0,
			"calories":          0,
			"heart_rate":        100,
			"heartrate_quality": 1,
			"max_variability":   76,
			"steps":             0,
			"variability":       33,
			"wear_type":         0,
		},
		Time: time.Date(2024,
			9,
			8,
			15,
			51,
			0,
			0,
			time.Local),
		Type: telegraf.ValueType(3),
	},
	{
		Measurement: "hybrid_hractivity_sample",
		Tags: map[string]string{
			"device_id": "1",
			"user_id":   "1",
		},
		Fields: map[string]interface{}{
			"active":            0,
			"calories":          0,
			"heart_rate":        116,
			"heartrate_quality": 1,
			"max_variability":   76,
			"steps":             0,
			"variability":       67,
			"wear_type":         0,
		},
		Time: time.Date(2024,
			9,
			8,
			15,
			52,
			0,
			0,
			time.Local),
		Type: telegraf.ValueType(3),
	},
	{
		Measurement: "hybrid_hractivity_sample",
		Tags: map[string]string{
			"device_id": "1",
			"user_id":   "1",
		},
		Fields: map[string]interface{}{
			"active":            0,
			"calories":          0,
			"heart_rate":        127,
			"heartrate_quality": 1,
			"max_variability":   76,
			"steps":             0,
			"variability":       34,
			"wear_type":         0,
		},
		Time: time.Date(2024,
			9,
			8,
			15,
			53,
			0,
			0,
			time.Local),
		Type: telegraf.ValueType(3),
	},
	{
		Measurement: "hybrid_hractivity_sample",
		Tags: map[string]string{
			"device_id": "1",
			"user_id":   "1",
		},
		Fields: map[string]interface{}{
			"active":            0,
			"calories":          0,
			"heart_rate":        135,
			"heartrate_quality": 1,
			"max_variability":   76,
			"steps":             0,
			"variability":       52,
			"wear_type":         0,
		},
		Time: time.Date(2024,
			9,
			8,
			15,
			54,
			0,
			0,
			time.Local),
		Type: telegraf.ValueType(3),
	},
	{
		Measurement: "hybrid_hractivity_sample",
		Tags: map[string]string{
			"device_id": "1",
			"user_id":   "1",
		},
		Fields: map[string]interface{}{
			"active":            0,
			"calories":          0,
			"heart_rate":        125,
			"heartrate_quality": 2,
			"max_variability":   76,
			"steps":             0,
			"variability":       43,
			"wear_type":         0,
		},
		Time: time.Date(2024,
			9,
			8,
			15,
			55,
			0,
			0,
			time.Local),
		Type: telegraf.ValueType(3),
	},
	{
		Measurement: "hybrid_hractivity_sample",
		Tags: map[string]string{
			"device_id": "1",
			"user_id":   "1",
		},
		Fields: map[string]interface{}{
			"active":            0,
			"calories":          1,
			"heart_rate":        126,
			"heartrate_quality": 1,
			"max_variability":   76,
			"steps":             4,
			"variability":       511,
			"wear_type":         0,
		},
		Time: time.Date(2024,
			9,
			8,
			15,
			56,
			0,
			0,
			time.Local),
		Type: telegraf.ValueType(3),
	},
	{
		Measurement: "hybrid_hractivity_sample",
		Tags: map[string]string{
			"device_id": "1",
			"user_id":   "1",
		},
		Fields: map[string]interface{}{
			"active":            0,
			"calories":          6,
			"heart_rate":        77,
			"heartrate_quality": 3,
			"max_variability":   76,
			"steps":             0,
			"variability":       48,
			"wear_type":         0,
		},
		Time: time.Date(2024,
			9,
			8,
			15,
			57,
			0,
			0,
			time.Local),
		Type: telegraf.ValueType(3),
	},
	{
		Measurement: "hybrid_hractivity_sample",
		Tags: map[string]string{
			"device_id": "1",
			"user_id":   "1",
		},
		Fields: map[string]interface{}{
			"active":            0,
			"calories":          0,
			"heart_rate":        68,
			"heartrate_quality": 4,
			"max_variability":   76,
			"steps":             0,
			"variability":       37,
			"wear_type":         0,
		},
		Time: time.Date(2024,
			9,
			8,
			15,
			58,
			0,
			0,
			time.Local),
		Type: telegraf.ValueType(3),
	},
	{
		Measurement: "hybrid_hractivity_sample",
		Tags: map[string]string{
			"device_id": "1",
			"user_id":   "1",
		},
		Fields: map[string]interface{}{
			"active":            0,
			"calories":          0,
			"heart_rate":        76,
			"heartrate_quality": 3,
			"max_variability":   76,
			"steps":             0,
			"variability":       511,
			"wear_type":         0,
		},
		Time: time.Date(2024,
			9,
			8,
			15,
			59,
			0,
			0,
			time.Local),
		Type: telegraf.ValueType(3),
	},
	{
		Measurement: "hybrid_hractivity_sample",
		Tags: map[string]string{
			"device_id": "1",
			"user_id":   "1",
		},
		Fields: map[string]interface{}{
			"active":            0,
			"calories":          0,
			"heart_rate":        71,
			"heartrate_quality": 4,
			"max_variability":   76,
			"steps":             0,
			"variability":       55,
			"wear_type":         0,
		},
		Time: time.Date(2024,
			9,
			8,
			16,
			0,
			0,
			0,
			time.Local),
		Type: telegraf.ValueType(3),
	},
	{
		Measurement: "battery_level",
		Tags: map[string]string{
			"battery_index": "0",
			"device_id":     "1",
		},
		Fields: map[string]interface{}{"level": 14},
		Time: time.Date(2024,
			9,
			8,
			17,
			9,
			52,
			0,
			time.Local),
		Type: telegraf.ValueType(3),
	},
	{
		Measurement: "battery_level",
		Tags: map[string]string{
			"battery_index": "0",
			"device_id":     "1",
		},
		Fields: map[string]interface{}{"level": 4},
		Time: time.Date(2024,
			9,
			8,
			23,
			55,
			33,
			0,
			time.Local),
		Type: telegraf.ValueType(3),
	},
	{
		Measurement: "battery_level",
		Tags: map[string]string{
			"battery_index": "0",
			"device_id":     "1",
		},
		Fields: map[string]interface{}{"level": 76},
		Time: time.Date(2024,
			9,
			9,
			0,
			22,
			36,
			0,
			time.Local),
		Type: telegraf.ValueType(3),
	},
	{
		Measurement: "battery_level",
		Tags: map[string]string{
			"battery_index": "0",
			"device_id":     "1",
		},
		Fields: map[string]interface{}{"level": 99},
		Time: time.Date(2024,
			9,
			9,
			1,
			17,
			7,
			0,
			time.Local),
		Type: telegraf.ValueType(3),
	},
	{
		Measurement: "battery_level",
		Tags: map[string]string{
			"battery_index": "0",
			"device_id":     "1",
		},
		Fields: map[string]interface{}{"level": 99},
		Time: time.Date(2024,
			9,
			9,
			1,
			17,
			41,
			0,
			time.Local),
		Type: telegraf.ValueType(3),
	},
	{
		Measurement: "battery_level",
		Tags: map[string]string{
			"battery_index": "0",
			"device_id":     "1",
		},
		Fields: map[string]interface{}{"level": 99},
		Time: time.Date(2024,
			9,
			9,
			2,
			4,
			13,
			0,
			time.Local),
		Type: telegraf.ValueType(3),
	},
	{
		Measurement: "battery_level",
		Tags: map[string]string{
			"battery_index": "0",
			"device_id":     "1",
		},
		Fields: map[string]interface{}{"level": 99},
		Time: time.Date(2024,
			9,
			9,
			7,
			12,
			0,
			0,
			time.Local),
		Type: telegraf.ValueType(3),
	},
	{
		Measurement: "battery_level",
		Tags: map[string]string{
			"battery_index": "0",
			"device_id":     "1",
		},
		Fields: map[string]interface{}{"level": 99},
		Time: time.Date(2024,
			9,
			9,
			7,
			14,
			6,
			0,
			time.Local),
		Type: telegraf.ValueType(3),
	},
	{
		Measurement: "battery_level",
		Tags: map[string]string{
			"battery_index": "0",
			"device_id":     "1",
		},
		Fields: map[string]interface{}{"level": 99},
		Time: time.Date(2024,
			9,
			9,
			7,
			26,
			58,
			0,
			time.Local),
		Type: telegraf.ValueType(3),
	},
	{
		Measurement: "battery_level",
		Tags: map[string]string{
			"battery_index": "0",
			"device_id":     "1",
		},
		Fields: map[string]interface{}{"level": 99},
		Time: time.Date(2024,
			9,
			9,
			7,
			46,
			46,
			0,
			time.Local),
		Type: telegraf.ValueType(3),
	},
}
